Failure: aws_rds_cluster\.db_cluster \(aws_rds_cluster\) does not have arn property\.
Scenario: Then it must not contain functionality not changed\s*\n\s+Given I have aws_rds_cluster defined\s*\n\s+Then it must not contain arn
Failure: resource property in aws_rds_cluster\.db_cluster resource does not match with arn case insensitive regex\.