Failure: Resource .* does not have block_public_policy property enabled \(block_public_policy=False\)\.