 SKIPPING: Could not find "create" in "actions" metadata.