Failure: tags property in aws_instance.tf-example-ec2 is considered to be Null. It is set to "\{\}".