Failure: Selected resources cover \{aws_cloudwatch_log_group.values.name\}.
Failure: Selected resources cover \{aws_cloudwatch_log_group.values.name\}.