SKIPPING: Can not find aws_ecr_repository defined in target terraform plan.