Failure: tags property in aws_s3_bucket.c is considered to be Null. It is set to "\{\}".